warning: Failed to uninstall package at .venv/lib/python3.13/site-packages/theforecastingcompany-0.2.1.dev4+ge108c8a15.d20251016.dist-info due to missing `RECORD` file. Installation may result in an incomplete environment.
Uninstalled 2 packages in 0.82ms
Installed 1 package in 1ms
2026-01-15 16:48:36,134 - INFO - Generating time series dataset: 1000 series (seed=42..1041)
2026-01-15 16:48:36,226 - INFO - Generated 1000 time series, 110000 rows in 0.09s
Sending 1 requests:   0%|          | 0/1 [00:00<?, ?it/s]Sending 1 requests:   0%|          | 0/1 [02:32<?, ?it/s]
Traceback (most recent call last):
  File "/Users/claudio/Desktop/Repos/theforecastingcompany-sdk-python/src/theforecastingcompany/errors.py", line 65, in _handle_response
    response.raise_for_status()
    ~~~~~~~~~~~~~~~~~~~~~~~~~^^
  File "/Users/claudio/Desktop/Repos/theforecastingcompany-sdk-python/.venv/lib/python3.13/site-packages/httpx/_models.py", line 829, in raise_for_status
    raise HTTPStatusError(message, request=request, response=self)
httpx.HTTPStatusError: Redirect response '303 See Other' for url 'https://api.retrocast.com/forecast?model=tfc-global'
Redirect location: 'https://theforecastingcompany--tfc-global-webinference-forecast.modal.run/?__modal_function_call_id=fc-01KF15GAX3KMB4CKYXH4ETH1KH'
For more information check: https://developer.mozilla.org/en-US/docs/Web/HTTP/Status/303

The above exception was the direct cause of the following exception:

Traceback (most recent call last):
  File "/Users/claudio/Desktop/Repos/theforecastingcompany-sdk-python/integration_tests/test_scalability.py", line 119, in <module>
    main()
    ~~~~^^
  File "/Users/claudio/Desktop/Repos/theforecastingcompany-sdk-python/integration_tests/test_scalability.py", line 101, in main
    forecast_df = client.forecast(
        train_df=df,
    ...<5 lines>...
        target_col="target",
    )
  File "/Users/claudio/Desktop/Repos/theforecastingcompany-sdk-python/src/theforecastingcompany/tfc_client.py", line 290, in forecast
    return cross_validate_models(
        full_df,
    ...<24 lines>...
        partition_by=partition_by,
    )
  File "/Users/claudio/Desktop/Repos/theforecastingcompany-sdk-python/src/theforecastingcompany/utils.py", line 634, in cross_validate_models
    return extract_forecast_df_from_model_idresponse(asyncio.run(_run()), fcds, id_col, date_col)
                                                     ~~~~~~~~~~~^^^^^^^^
  File "/Users/claudio/.local/share/uv/python/cpython-3.13.5-macos-aarch64-none/lib/python3.13/asyncio/runners.py", line 195, in run
    return runner.run(main)
           ~~~~~~~~~~^^^^^^
  File "/Users/claudio/.local/share/uv/python/cpython-3.13.5-macos-aarch64-none/lib/python3.13/asyncio/runners.py", line 118, in run
    return self._loop.run_until_complete(task)
           ~~~~~~~~~~~~~~~~~~~~~~~~~~~~~^^^^^^
  File "/Users/claudio/.local/share/uv/python/cpython-3.13.5-macos-aarch64-none/lib/python3.13/asyncio/base_events.py", line 725, in run_until_complete
    return future.result()
           ~~~~~~~~~~~~~^^
  File "/Users/claudio/Desktop/Repos/theforecastingcompany-sdk-python/src/theforecastingcompany/utils.py", line 614, in _run
    return await send_async_requests_multiple_models(
           ^^^^^^^^^^^^^^^^^^^^^^^^^^^^^^^^^^^^^^^^^^
    ...<16 lines>...
    )
    ^
  File "/Users/claudio/Desktop/Repos/theforecastingcompany-sdk-python/src/theforecastingcompany/utils.py", line 587, in send_async_requests_multiple_models
    responses: list[list[IDForecastResponse]] = await tqdm_asyncio.gather(
                                                ^^^^^^^^^^^^^^^^^^^^^^^^^^
        *tasks, desc=f"Sending {len(tasks)} requests"
        ^^^^^^^^^^^^^^^^^^^^^^^^^^^^^^^^^^^^^^^^^^^^^
    )
    ^
  File "/Users/claudio/Desktop/Repos/theforecastingcompany-sdk-python/.venv/lib/python3.13/site-packages/tqdm/asyncio.py", line 79, in gather
    res = [await f for f in cls.as_completed(ifs, loop=loop, timeout=timeout,
           ^^^^^^^
  File "/Users/claudio/.local/share/uv/python/cpython-3.13.5-macos-aarch64-none/lib/python3.13/asyncio/tasks.py", line 634, in _wait_for_one
    return f.result() if resolve else f
           ~~~~~~~~^^
  File "/Users/claudio/Desktop/Repos/theforecastingcompany-sdk-python/.venv/lib/python3.13/site-packages/tqdm/asyncio.py", line 76, in wrap_awaitable
    return i, await f
              ^^^^^^^
  File "/Users/claudio/Desktop/Repos/theforecastingcompany-sdk-python/src/theforecastingcompany/utils.py", line 327, in send_request_with_retries
    _handle_response(response)
    ~~~~~~~~~~~~~~~~^^^^^^^^^^
  File "/Users/claudio/Desktop/Repos/theforecastingcompany-sdk-python/src/theforecastingcompany/errors.py", line 101, in _handle_response
    raise TFCAPIError(
    ...<3 lines>...
    ) from exc
theforecastingcompany.errors.TFCAPIError: Unexpected error: 303 (Status code: 303)
